
Analyzing session 2025-12-01 (ID: 138)...
INFO: FlowLimitationClassifier initialized with 7 classes
INFO: ComplexPatternDetector initialized
INFO: Starting analysis for session 138 with modes: ['aasm', 'aasm_relaxed', 'resmed']
INFO: Loaded 706500 flow samples at 25.0Hz (7.8 hours)
INFO: Loaded 7 machine-flagged events
INFO: No SpO2 data available: Waveform not found: session_id=138, type=spo2
INFO: Segmented 6268 valid breaths (avg duration: 4.41s)
INFO: Segmented 6268 breaths
INFO: Flow limitation index: 0.176
INFO: aasm: Detecting apneas (threshold=90.0%, validation=90.0%)
INFO: aasm: Detected 11 apneas: 11 OA, 0 CA, 0 MA, 0 UA
INFO: aasm: No SpO2 data, falling back to flow-only hypopnea detection
INFO: aasm: Detecting hypopneas (mode: flow_only)
INFO: aasm: Detected 29 hypopneas
INFO: aasm: Detecting RERA events
INFO: aasm: Detected 10 RERA events
INFO: Mode 'aasm': Detected 11 apneas, 29 hypopneas, AHI=5.1
INFO: aasm_relaxed: Detecting apneas (threshold=90.0%, validation=85.0%)
INFO: aasm_relaxed: Detected 12 apneas: 12 OA, 0 CA, 0 MA, 0 UA
INFO: aasm_relaxed: No SpO2 data, falling back to flow-only hypopnea detection
INFO: aasm_relaxed: Detecting hypopneas (mode: flow_only)
INFO: aasm_relaxed: Detected 29 hypopneas
INFO: aasm_relaxed: Detecting RERA events
INFO: aasm_relaxed: Detected 8 RERA events
INFO: Mode 'aasm_relaxed': Detected 12 apneas, 29 hypopneas, AHI=5.2
INFO: resmed: Running multi-strategy detection
INFO: resmed: Detecting apneas (threshold=50.0%, validation=50.0%)
INFO: resmed: Detected 24 apneas: 24 OA, 0 CA, 0 MA, 0 UA
INFO: resmed: Combined 24 events from all strategies
INFO: resmed: Detecting hypopneas (mode: flow_only)
INFO: resmed: Detected 29 hypopneas
INFO: resmed: Detecting RERA events
INFO: resmed: Detected 9 RERA events
INFO: Mode 'resmed': Detected 24 apneas, 29 hypopneas, AHI=6.8
INFO: Analysis complete in 14995ms
INFO: Stored analysis result with ID 19
✓ Analysis complete

╭────────────────────────────────────────────────────────── ANALYSIS SUMMARY ──────────────────────────────────────────────────────────╮
│                                                                                                                                      │
│  Session: 2025-12-01                  Duration: 7.8 hours                                                                            │
│  Legend: OA=Obstructive  CA=Central  MA=Mixed  H=Hypopnea                                                                            │
│                                                                                                                                      │
╰──────────────────────────────────────────────────────────────────────────────────────────────────────────────────────────────────────╯

       MACHINE-DETECTED EVENTS (CPAP)       
  AHI                        0.8 events/hr  
  RDI                        0.8 events/hr  
  Obstructive Apneas (OA)                1  
  Central Apneas (CA)                    4  
  Hypopneas (H)                          1  
  Total Events                           7  

             MODE COMPARISON              
 Metric        aasm  aasm_relaxed  resmed 
 AHI            5.1           5.2     6.8 
 RDI            6.4           6.2     7.9 
 Total Events    40            41      53 
 Apneas          11            12      24 
   └─ OA         11            12      24 
 Hypopneas       29            29      29 

VALIDATION vs MACHINE EVENTS

              Validation: aasm               
 Type       Sensitivity  Precision  F1 Score 
 Apneas        0% (0/5)  0% (0/11)      0.00 
 Hypopneas     0% (0/1)  0% (0/29)      0.00 
  Missed events: 03:34:23 (RE), 04:24:28 (OA), 04:49:36 (H), 05:50:15 (CA), 05:53:18 (CA), 07:32:45 (CA), 07:43:39 (CA)
  Extra events: 02:27:15 (OA), 04:26:36 (OA), 04:50:11 (OA), 04:58:15 (OA), 05:27:44 (OA), 06:57:54 (OA), 06:58:28 (OA), 07:07:00 (OA), 
07:08:47 (OA), 07:42:17 (OA), 07:49:36 (OA), 02:18:06 (H), 02:19:50 (H), 02:27:15 (H), 02:28:53 (H), 04:21:03 (H), 04:26:36 (H), 
04:36:30 (H), 04:50:11 (H), 04:56:00 (H), 04:58:14 (H), 05:04:29 (H), 05:08:02 (H), 05:26:45 (H), 05:27:37 (H), 06:50:56 (H), 06:54:19 
(H), 06:55:18 (H), 06:57:54 (H), 06:58:25 (H), 07:03:42 (H), 07:06:49 (H), 07:08:47 (H), 07:36:59 (H), 07:41:31 (H), 07:42:17 (H), 
07:43:55 (H), 07:44:19 (H), 07:48:43 (H), 07:49:33 (H)

          Validation: aasm_relaxed           
 Type       Sensitivity  Precision  F1 Score 
 Apneas        0% (0/5)  0% (0/12)      0.00 
 Hypopneas     0% (0/1)  0% (0/29)      0.00 
  Missed events: 03:34:23 (RE), 04:24:28 (OA), 04:49:36 (H), 05:50:15 (CA), 05:53:18 (CA), 07:32:45 (CA), 07:43:39 (CA)
  Extra events: 02:27:15 (OA), 04:26:36 (OA), 04:50:11 (OA), 04:58:15 (OA), 05:27:44 (OA), 06:50:56 (OA), 06:57:54 (OA), 06:58:28 (OA), 
07:07:00 (OA), 07:08:47 (OA), 07:42:17 (OA), 07:49:36 (OA), 02:18:06 (H), 02:19:50 (H), 02:27:15 (H), 02:28:53 (H), 04:26:36 (H), 
04:36:30 (H), 04:50:11 (H), 04:56:00 (H), 04:58:14 (H), 05:04:29 (H), 05:08:02 (H), 05:26:45 (H), 05:27:37 (H), 06:31:22 (H), 06:50:56 
(H), 06:54:19 (H), 06:55:18 (H), 06:57:54 (H), 06:58:25 (H), 07:03:42 (H), 07:06:49 (H), 07:08:47 (H), 07:36:59 (H), 07:41:31 (H), 
07:42:17 (H), 07:43:55 (H), 07:44:19 (H), 07:48:43 (H), 07:49:33 (H)

             Validation: resmed              
 Type       Sensitivity  Precision  F1 Score 
 Apneas        0% (0/5)  0% (0/24)      0.00 
 Hypopneas     0% (0/1)  0% (0/29)      0.00 
  Missed events: 03:34:23 (RE), 04:24:28 (OA), 04:49:36 (H), 05:50:15 (CA), 05:53:18 (CA), 07:32:45 (CA), 07:43:39 (CA)
  Extra events: 02:18:06 (OA), 02:27:15 (OA), 02:28:53 (OA), 04:26:36 (OA), 04:50:11 (OA), 04:56:00 (OA), 04:58:14 (OA), 05:04:29 (OA), 
05:08:02 (OA), 05:26:45 (OA), 05:27:37 (OA), 06:50:56 (OA), 06:54:19 (OA), 06:55:18 (OA), 06:57:54 (OA), 06:58:28 (OA), 07:03:42 (OA), 
07:06:49 (OA), 07:08:47 (OA), 07:36:59 (OA), 07:41:31 (OA), 07:42:17 (OA), 07:43:55 (OA), 07:49:33 (OA), 02:18:06 (H), 02:19:50 (H), 
02:27:15 (H), 02:28:53 (H), 04:21:03 (H), 04:26:36 (H), 04:36:30 (H), 04:50:11 (H), 04:56:00 (H), 04:58:14 (H), 05:04:29 (H), 05:08:02 
(H), 05:26:45 (H), 05:27:37 (H), 06:50:56 (H), 06:54:19 (H), 06:55:18 (H), 06:57:54 (H), 06:58:25 (H), 07:03:42 (H), 07:06:49 (H), 
07:08:47 (H), 07:36:59 (H), 07:41:31 (H), 07:42:17 (H), 07:43:55 (H), 07:44:19 (H), 07:48:43 (H), 07:49:33 (H)

╭────────────────────────────────────────────────────── FLOW LIMITATION ANALYSIS ──────────────────────────────────────────────────────╮
│                                                                                                                                      │
│  Flow Limitation Index: 0.18       Total Breaths: 6,041                                                                              │
│                                                                                                                                      │
╰──────────────────────────────────────────────────────────────────────────────────────────────────────────────────────────────────────╯
 Class  Name                           Count      %  Severity        
   1    Sinusoidal                     3,168  52.4%  normal          
   2    Double Peak                      149   2.5%  mild            
   3    Flattened with Multiple Peaks      0   0.0%  mild-moderate   
   4    Peak During Initial Phase      2,536  42.0%  moderate        
   5    Peak at Midpoint                  16   0.3%  moderate-severe 
   6    Peak During Late Phase           124   2.1%  severe          
   7    Plateau Throughout                48   0.8%  severe          

